2026-08-10 13:29:56,163 - sqlalchemy.engine.Engine - INFO - select pg_catalog.version()
2026-08-10 13:29:56,164 - sqlalchemy.engine.Engine - INFO - [raw sql] {}
2026-08-10 13:29:56,721 - sqlalchemy.engine.Engine - INFO - select current_schema()
2026-08-10 13:29:56,721 - sqlalchemy.engine.Engine - INFO - [raw sql] {}
2026-08-10 13:29:57,278 - sqlalchemy.engine.Engine - INFO - show standard_conforming_strings
2026-08-10 13:29:57,278 - sqlalchemy.engine.Engine - INFO - [raw sql] {}
2026-08-10 13:29:58,676 - sqlalchemy.engine.Engine - INFO - BEGIN (implicit)
2026-08-10 13:29:58,683 - sqlalchemy.engine.Engine - INFO - SELECT pg_catalog.pg_class.relname 
FROM pg_catalog.pg_class JOIN pg_catalog.pg_namespace ON pg_catalog.pg_namespace.oid = pg_catalog.pg_class.relnamespace 
WHERE pg_catalog.pg_class.relname = %(table_name)s::VARCHAR AND pg_catalog.pg_class.relkind = ANY (ARRAY[%(param_1)s::VARCHAR, %(param_2)s::VARCHAR, %(param_3)s::VARCHAR, %(param_4)s::VARCHAR, %(param_5)s::VARCHAR]) AND pg_catalog.pg_table_is_visible(pg_catalog.pg_class.oid) AND pg_catalog.pg_namespace.nspname != %(nspname_1)s::VARCHAR
2026-08-10 13:29:58,683 - sqlalchemy.engine.Engine - INFO - [generated in 0.00071s] {'table_name': 'faq', 'param_1': 'r', 'param_2': 'p', 'param_3': 'f', 'param_4': 'v', 'param_5': 'm', 'nspname_1': 'pg_catalog'}
2026-08-10 13:29:59,322 - sqlalchemy.engine.Engine - INFO - COMMIT
2026-08-10 13:30:07,069 - sqlalchemy.engine.Engine - INFO - BEGIN (implicit)
2026-08-10 13:30:07,078 - sqlalchemy.engine.Engine - INFO - SELECT count(*) AS count_1 
FROM faq 
WHERE faq."isDeleted" = false
2026-08-10 13:30:07,078 - sqlalchemy.engine.Engine - INFO - [generated in 0.00127s] {}
2026-08-10 13:30:07,704 - sqlalchemy.engine.Engine - INFO - SELECT faq.id, faq.title, faq.description, faq.created_at, faq.updated_at, faq."isDeleted", faq.deleted_at 
FROM faq 
WHERE faq."isDeleted" = false 
 LIMIT %(param_1)s::INTEGER OFFSET %(param_2)s::INTEGER
2026-08-10 13:30:07,705 - sqlalchemy.engine.Engine - INFO - [generated in 0.00056s] {'param_1': 20, 'param_2': 0}
2026-08-10 13:30:07,990 - app - INFO - Faqs returned successfully
2026-08-10 13:30:07,993 - sqlalchemy.engine.Engine - INFO - ROLLBACK
2026-08-10 13:30:33,294 - sqlalchemy.engine.Engine - INFO - select pg_catalog.version()
2026-08-10 13:30:33,295 - sqlalchemy.engine.Engine - INFO - [raw sql] {}
2026-08-10 13:30:33,915 - sqlalchemy.engine.Engine - INFO - select current_schema()
2026-08-10 13:30:33,915 - sqlalchemy.engine.Engine - INFO - [raw sql] {}
2026-08-10 13:30:34,485 - sqlalchemy.engine.Engine - INFO - show standard_conforming_strings
2026-08-10 13:30:34,485 - sqlalchemy.engine.Engine - INFO - [raw sql] {}
2026-08-10 13:30:35,904 - sqlalchemy.engine.Engine - INFO - BEGIN (implicit)
2026-08-10 13:30:35,908 - sqlalchemy.engine.Engine - INFO - SELECT pg_catalog.pg_class.relname 
FROM pg_catalog.pg_class JOIN pg_catalog.pg_namespace ON pg_catalog.pg_namespace.oid = pg_catalog.pg_class.relnamespace 
WHERE pg_catalog.pg_class.relname = %(table_name)s::VARCHAR AND pg_catalog.pg_class.relkind = ANY (ARRAY[%(param_1)s::VARCHAR, %(param_2)s::VARCHAR, %(param_3)s::VARCHAR, %(param_4)s::VARCHAR, %(param_5)s::VARCHAR]) AND pg_catalog.pg_table_is_visible(pg_catalog.pg_class.oid) AND pg_catalog.pg_namespace.nspname != %(nspname_1)s::VARCHAR
2026-08-10 13:30:35,908 - sqlalchemy.engine.Engine - INFO - [generated in 0.00022s] {'table_name': 'faq', 'param_1': 'r', 'param_2': 'p', 'param_3': 'f', 'param_4': 'v', 'param_5': 'm', 'nspname_1': 'pg_catalog'}
2026-08-10 13:30:36,534 - sqlalchemy.engine.Engine - INFO - COMMIT
2026-08-10 13:30:37,114 - sqlalchemy.engine.Engine - INFO - BEGIN (implicit)
2026-08-10 13:30:37,116 - sqlalchemy.engine.Engine - INFO - SELECT count(*) AS count_1 
FROM faq 
WHERE faq."isDeleted" = false
2026-08-10 13:30:37,116 - sqlalchemy.engine.Engine - INFO - [generated in 0.00015s] {}
2026-08-10 13:30:37,687 - sqlalchemy.engine.Engine - INFO - SELECT faq.id, faq.title, faq.description, faq.created_at, faq.updated_at, faq."isDeleted", faq.deleted_at 
FROM faq 
WHERE faq."isDeleted" = false 
 LIMIT %(param_1)s::INTEGER OFFSET %(param_2)s::INTEGER
2026-08-10 13:30:37,688 - sqlalchemy.engine.Engine - INFO - [generated in 0.00025s] {'param_1': 20, 'param_2': 0}
2026-08-10 13:30:37,973 - app - INFO - Faqs returned successfully
2026-08-10 13:30:37,974 - sqlalchemy.engine.Engine - INFO - ROLLBACK
2026-08-10 13:31:52,753 - app - INFO - Faqs returned successfully
2026-08-10 20:21:56,482 - app - ERROR - Failed to create waitlist entry: module 'common.logger' has no attribute 'error'
2026-08-10 20:23:05,398 - app - ERROR - Failed to create waitlist entry: module 'common.logger' has no attribute 'error'
2026-08-10 20:23:23,894 - app - ERROR - Failed to create waitlist entry: module 'common.logger' has no attribute 'error'
2026-08-10 20:23:48,520 - app - CRITICAL - Failed to create waitlist entry: module 'common.logger' has no attribute 'error'
2026-08-10 20:24:15,518 - app - ERROR - User already exists in waitlist
2026-08-10 20:24:15,518 - app - CRITICAL - Failed to create waitlist entry: select expected at least 3 arguments, got 1
2026-08-10 20:25:13,117 - app - ERROR - select expected at least 3 arguments, got 1
2026-08-10 20:25:13,117 - app - CRITICAL - Failed to create waitlist entry: select expected at least 3 arguments, got 1
2026-08-10 20:26:43,821 - app - ERROR - select expected at least 3 arguments, got 1
2026-08-10 20:26:43,821 - app - CRITICAL - Failed to create waitlist entry: select expected at least 3 arguments, got 1
2026-08-10 20:27:22,079 - app - ERROR - 'Select' object has no attribute 'one_or_none'
2026-08-10 20:27:22,079 - app - CRITICAL - Failed to create waitlist entry: 'Select' object has no attribute 'one_or_none'
2026-08-10 20:31:30,746 - app - ERROR - CHECK VALUE
2026-08-10 20:31:30,746 - app - ERROR - None
2026-08-10 20:31:30,746 - app - ERROR - User already exists in waitlist
2026-08-10 20:31:30,746 - app - CRITICAL - Failed to create waitlist entry: User already exists in waitlist
2026-08-10 20:32:52,218 - app - ERROR - CHECK VALUE
2026-08-10 20:32:52,218 - app - ERROR - None
2026-08-10 20:32:53,952 - app - ERROR - 1 validation error for WaitListReturnType
email
  value is not a valid email address: An email address must have an @-sign. [type=value_error, input_value='string', input_type=str]
2026-08-10 20:32:53,952 - app - CRITICAL - Failed to create waitlist entry: 1 validation error for WaitListReturnType
email
  value is not a valid email address: An email address must have an @-sign. [type=value_error, input_value='string', input_type=str]
2026-08-10 20:35:40,044 - app - ERROR - CHECK VALUE
2026-08-10 20:35:40,044 - app - ERROR - <models.waitlist_model.Waitlist object at 0x109d41550>
2026-08-10 20:35:40,044 - app - ERROR - User already exists in waitlist
2026-08-10 20:35:40,044 - app - CRITICAL - Failed to create waitlist entry: User already exists in waitlist
2026-08-10 20:36:30,460 - app - ERROR - CHECK VALUE
2026-08-10 20:36:30,461 - app - ERROR - None
2026-08-10 20:36:32,307 - app - ERROR - 1 validation error for WaitListReturnType
email
  Value error, Please provide a valid email address. [type=value_error, input_value='string', input_type=str]
    For further information visit https://errors.pydantic.dev/2.13/v/value_error
2026-08-10 20:36:32,308 - app - CRITICAL - Failed to create waitlist entry: 1 validation error for WaitListReturnType
email
  Value error, Please provide a valid email address. [type=value_error, input_value='string', input_type=str]
    For further information visit https://errors.pydantic.dev/2.13/v/value_error
2026-08-10 20:42:21,142 - app - ERROR - CHECK VALUE
2026-08-10 20:42:21,143 - app - ERROR - None
2026-08-10 20:42:22,605 - app - ERROR - 2 validation errors for ReturnType[WaitListReturnType]
success
  Field required [type=missing, input_value={'data': WaitListReturnTy...emmanuel257@gmail.com')}, input_type=dict]
    For further information visit https://errors.pydantic.dev/2.13/v/missing
message
  Field required [type=missing, input_value={'data': WaitListReturnTy...emmanuel257@gmail.com')}, input_type=dict]
    For further information visit https://errors.pydantic.dev/2.13/v/missing
2026-08-10 20:42:22,607 - app - CRITICAL - Failed to create waitlist entry: 2 validation errors for ReturnType[WaitListReturnType]
success
  Field required [type=missing, input_value={'data': WaitListReturnTy...emmanuel257@gmail.com')}, input_type=dict]
    For further information visit https://errors.pydantic.dev/2.13/v/missing
message
  Field required [type=missing, input_value={'data': WaitListReturnTy...emmanuel257@gmail.com')}, input_type=dict]
    For further information visit https://errors.pydantic.dev/2.13/v/missing
2026-08-10 20:42:55,129 - app - INFO - Fetching waitlist entries
2026-08-10 20:42:56,348 - app - INFO - Waitlist entries fetched successfully
2026-08-10 20:42:56,350 - app - ERROR - Error fetching waitlist entries: 2 validation errors for ReturnType[list[WaitListReturnType]]
success
  Field required [type=missing, input_value={'data': [<models.waitlis...1, page=1, per_page=20)}, input_type=dict]
    For further information visit https://errors.pydantic.dev/2.13/v/missing
message
  Field required [type=missing, input_value={'data': [<models.waitlis...1, page=1, per_page=20)}, input_type=dict]
    For further information visit https://errors.pydantic.dev/2.13/v/missing
2026-08-10 20:42:56,351 - app - ERROR - Failed to get waitlist entries: 2 validation errors for ReturnType[list[WaitListReturnType]]
success
  Field required [type=missing, input_value={'data': [<models.waitlis...1, page=1, per_page=20)}, input_type=dict]
    For further information visit https://errors.pydantic.dev/2.13/v/missing
message
  Field required [type=missing, input_value={'data': [<models.waitlis...1, page=1, per_page=20)}, input_type=dict]
    For further information visit https://errors.pydantic.dev/2.13/v/missing
2026-08-10 20:43:30,076 - app - INFO - Fetching waitlist entries
2026-08-10 20:43:31,851 - app - INFO - Waitlist entries fetched successfully
2026-08-10 20:43:31,853 - app - ERROR - Error fetching waitlist entries: 2 validation errors for ReturnType[list[WaitListReturnType]]
success
  Field required [type=missing, input_value={'data': [<models.waitlis...1, page=1, per_page=20)}, input_type=dict]
    For further information visit https://errors.pydantic.dev/2.13/v/missing
message
  Field required [type=missing, input_value={'data': [<models.waitlis...1, page=1, per_page=20)}, input_type=dict]
    For further information visit https://errors.pydantic.dev/2.13/v/missing
2026-08-10 20:43:31,854 - app - ERROR - Failed to get waitlist entries: 2 validation errors for ReturnType[list[WaitListReturnType]]
success
  Field required [type=missing, input_value={'data': [<models.waitlis...1, page=1, per_page=20)}, input_type=dict]
    For further information visit https://errors.pydantic.dev/2.13/v/missing
message
  Field required [type=missing, input_value={'data': [<models.waitlis...1, page=1, per_page=20)}, input_type=dict]
    For further information visit https://errors.pydantic.dev/2.13/v/missing
2026-08-10 20:48:35,320 - app - INFO - Fetching waitlist entries
2026-08-10 20:48:36,532 - app - INFO - Waitlist entries fetched successfully
2026-08-10 20:48:36,535 - app - ERROR - Error fetching waitlist entries: 2 validation errors for ReturnType[list[WaitListReturnType]]
success
  Field required [type=missing, input_value={'data': [<models.waitlis...1, page=1, per_page=20)}, input_type=dict]
    For further information visit https://errors.pydantic.dev/2.13/v/missing
message
  Field required [type=missing, input_value={'data': [<models.waitlis...1, page=1, per_page=20)}, input_type=dict]
    For further information visit https://errors.pydantic.dev/2.13/v/missing
2026-08-10 20:48:36,535 - app - ERROR - Failed to get waitlist entries: 2 validation errors for ReturnType[list[WaitListReturnType]]
success
  Field required [type=missing, input_value={'data': [<models.waitlis...1, page=1, per_page=20)}, input_type=dict]
    For further information visit https://errors.pydantic.dev/2.13/v/missing
message
  Field required [type=missing, input_value={'data': [<models.waitlis...1, page=1, per_page=20)}, input_type=dict]
    For further information visit https://errors.pydantic.dev/2.13/v/missing
2026-08-10 20:49:32,298 - app - INFO - Fetching waitlist entries
2026-08-10 20:49:33,559 - app - INFO - Waitlist entries fetched successfully
2026-08-10 20:49:46,876 - app - ERROR - CHECK VALUE
2026-08-10 20:49:46,877 - app - ERROR - <models.waitlist_model.Waitlist object at 0x10da77d90>
2026-08-10 20:49:46,877 - app - ERROR - User already exists in waitlist
2026-08-10 20:49:46,877 - app - CRITICAL - Failed to create waitlist entry: User already exists in waitlist
2026-08-10 20:49:58,316 - app - ERROR - CHECK VALUE
2026-08-10 20:49:58,318 - app - ERROR - None
